Copyright (c) 1991-1994 by NeoCAD Inc. All rights reserved.
Copyright (c) 1995 AT&T Corp.   All rights reserved.
Copyright (c) 1995-2001 Lucent Technologies Inc.  All rights reserved.
Copyright (c) 2001 Agere Systems   All rights reserved.
Copyright (c) 2002-2015 Lattice Semiconductor Corporation,  All rights reserved.
Thu Apr  9 15:38:57 2026


Command Line:  synthesis -a MachXO3D -s 5 -t CABGA256 -d LCMXO3D-9400HC -top fpga_uart_top -ver ../src/fpga_uart_top.v -ngd xo2_proj__impll.ngd 

Synthesis options:
The -a option is MachXO3D.
The -s option is 5.
The -t option is CABGA256.
The -d option is LCMXO3D-9400HC.
Using package CABGA256.
Using performance grade 5.
                                                          

##########################################################

### Lattice Family : MachXO3D

### Device  : LCMXO3D-9400HC

### Package : CABGA256

### Speed   : 5

##########################################################

                                                          

INFO - synthesis: User-Selected Strategy Settings
Optimization goal = Area
Top-level module name = fpga_uart_top.
Target frequency = 1.000000 MHz.
Maximum fanout = 1000.
Timing path count = 3 (default)
BRAM Utilization = 100 % (default)
DSP usage = true (default)
DSP utilization = 100 % (default)
fsm_encoding_style = auto
resolve_mixed_drivers = 0
fix_gated_clocks = 1

Mux style = auto (Default)
Use Carry Chain = true (default)
Use IO Insertion = TRUE (default)
Resource Sharing = TRUE (default)
Propagate Constants = TRUE (default)
Remove Duplicate Registers = TRUE (default)
force_gsr = auto (default)
ROM style = auto (default)
RAM style = auto (default)
The -comp option is FALSE.
The -syn option is FALSE.
Verilog design file = ../src/fpga_uart_top.v
NGD file = xo2_proj__impll.ngd
-sdc option: SDC file input not used.
-lpf option: Output file option is not used.
Hardtimer checking is enabled (default). The -dt option is not used.
The -r option is OFF. [ Remove LOC Properties is OFF. ]
Technology check ok...

Analyzing Verilog file /home/pnieves/lscc/diamond/3.14/ispfpga/userware/unix/SYNTHESIS_HEADERS/machxo3d.v. VERI-1482
Loading NGL library '/home/pnieves/lscc/diamond/3.14/ispfpga/se5c00/data/se5clib.ngl'...
Loading NGL library '/home/pnieves/lscc/diamond/3.14/ispfpga/xo2c00a/data/xo2alib.ngl'...
Loading NGL library '/home/pnieves/lscc/diamond/3.14/ispfpga/xo2c00/data/xo2clib.ngl'...
Loading NGL library '/home/pnieves/lscc/diamond/3.14/ispfpga/mg5g00/data/mg5glib.ngl'...
Loading NGL library '/home/pnieves/lscc/diamond/3.14/ispfpga/or5g00/data/orc5glib.ngl'...
Loading device for application map from file 'se5c9400.nph' in environment: /home/pnieves/lscc/diamond/3.14/ispfpga.
Package Status:                     Final          Version 7.
Top-level module name = fpga_uart_top.



GSR instance connected to net set_c.
Applying 1.000000 MHz constraint to all clocks

WARNING - synthesis: No .lpf file will be written because the -lpf option is not used or is set to zero.
Results of NGD DRC are available in fpga_uart_top_drc.log.
Loading NGL library '/home/pnieves/lscc/diamond/3.14/ispfpga/se5c00/data/se5clib.ngl'...
Loading NGL library '/home/pnieves/lscc/diamond/3.14/ispfpga/xo2c00a/data/xo2alib.ngl'...
Loading NGL library '/home/pnieves/lscc/diamond/3.14/ispfpga/xo2c00/data/xo2clib.ngl'...
Loading NGL library '/home/pnieves/lscc/diamond/3.14/ispfpga/mg5g00/data/mg5glib.ngl'...
Loading NGL library '/home/pnieves/lscc/diamond/3.14/ispfpga/or5g00/data/orc5glib.ngl'...
All blocks are expanded and NGD expansion is successful.
Writing NGD file xo2_proj__impll.ngd.

################### Begin Area Report (fpga_uart_top)######################
Number of register bits => 8 of 10021 (0 % )
CCU2D => 5
FD1P3AX => 8
GSR => 1
IB => 14
LUT4 => 12
OB => 8
################### End Area Report ##################

################### Begin BlackBox Report ######################
TSALL => 1
################### End BlackBox Report ##################

################### Begin Clock Report ######################
Clock Nets
Number of Clocks: 1
  Net : sysclk_c, loads : 8
Clock Enable Nets
Number of Clock Enables: 1
Top 1 highest fanout Clock Enables:
  Net : sysclk_c_enable_8, loads : 8
Highest fanout non-clock nets
Top 10 highest fanout non-clock nets:
  Net : updwn_c, loads : 12
  Net : reset_c, loads : 11
  Net : sysclk_c_enable_8, loads : 8
  Net : n246, loads : 8
  Net : id_c, loads : 3
  Net : action_c, loads : 3
  Net : count_c_7, loads : 2
  Net : count_c_6, loads : 2
  Net : count_c_5, loads : 2
  Net : count_c_4, loads : 2
################### End Clock Report ##################

Timing Report Summary
--------------
--------------------------------------------------------------------------------
Constraint                              |   Constraint|       Actual|Levels
--------------------------------------------------------------------------------
                                        |             |             |
create_clock -period 1000.000000 -name  |             |             |
clk0 [get_nets sysclk_c]                |    1.000 MHz|  251.193 MHz|     5  
                                        |             |             |
--------------------------------------------------------------------------------


All constraints were met.


Peak Memory Usage: 195.438  MB

--------------------------------------------------------------
Elapsed CPU time for LSE flow : 0.172  secs
--------------------------------------------------------------
