
mpartrce -p "fpga_uart_impl1.p2t" -f "fpga_uart_impl1.p3t" -tf "fpga_uart_impl1.pt" "fpga_uart_impl1_map.ncd" "fpga_uart_impl1.ncd"

---- MParTrce Tool ----
Removing old design directory at request of -rem command line option to this program.
Running par. Please wait . . .

Lattice Place and Route Report for Design "fpga_uart_impl1_map.ncd"
Thu Apr  9 11:51:22 2026

PAR: Place And Route Diamond (64-bit) 3.14.0.75.2.
Command Line: par -w -l 5 -i 6 -t 1 -c 0 -e 0 -exp parUseNBR=1:parCDP=0:parCDR=0:parPathBased=OFF:parASE=1 fpga_uart_impl1_map.ncd fpga_uart_impl1.dir/5_1.ncd fpga_uart_impl1.prf
Preference file: fpga_uart_impl1.prf.
Placement level-cost: 5-1.
Routing Iterations: 6

Loading design for application par from file fpga_uart_impl1_map.ncd.
Design name: fpga_uart_top
NCD version: 3.3
Vendor:      LATTICE
Device:      LCMXO3D-9400HC
Package:     CABGA256
Performance: 5
Loading device for application par from file 'se5c9400.nph' in environment: /home/pnieves/lscc/diamond/3.14/ispfpga.
Package Status:                     Final          Version 7.
Performance Hardware Data Status:   Final          Version 2.2.
License checked out.


Ignore Preference Error(s):  True
Device utilization summary:

   PIO (prelim)   22+4(JTAG)/384     7% used
                  22+4(JTAG)/207     13% bonded

   SLICE             12/4700         <1% used

   GSR                1/1           100% used


Number of Signals: 47
Number of Connections: 96
WARNING - par: The SN pin is not available for use as a general purpose I/O pin when the SLAVE_SPI_PORT attribute is enabled.  The SN pin should be tied high with an external pull-up if you are not using the Slave SPI port for configuration.

Pin Constraint Summary:
   18 out of 22 pins locked (81% locked).

No signal is selected as primary clock.


No signal is selected as secondary clock.

Signal set_c is selected as Global Set/Reset.
.
Starting Placer Phase 0.
...........
Finished Placer Phase 0.  REAL time: 11 secs 

Starting Placer Phase 1.
....................
Placer score = 8140.
Finished Placer Phase 1.  REAL time: 12 secs 

Starting Placer Phase 2.
.
Placer score =  8125
Finished Placer Phase 2.  REAL time: 12 secs 


------------------ Clock Report ------------------

Global Clock Resources:
  CLK_PIN    : 0 out of 8 (0%)
  PLL        : 0 out of 2 (0%)
  DCM        : 0 out of 2 (0%)
  DCC        : 0 out of 8 (0%)

Global Clocks:

  PRIMARY  : 0 out of 8 (0%)
  SECONDARY: 0 out of 8 (0%)

Edge Clocks:
  No edge clock selected.

--------------- End of Clock Report ---------------


I/O Usage Summary (final):
   22 + 4(JTAG) out of 384 (6.8%) PIO sites used.
   22 + 4(JTAG) out of 207 (12.6%) bonded PIO sites used.
   Number of PIO comps: 22; differential: 0.
   Number of Vref pins used: 0.

I/O Bank Usage Summary:
+----------+----------------+------------+-----------+
| I/O Bank | Usage          | Bank Vccio | Bank Vref |
+----------+----------------+------------+-----------+
| 0        | 1 / 51 (  1%)  | 3.3V       | -         |
| 1        | 0 / 52 (  0%)  | -          | -         |
| 2        | 0 / 52 (  0%)  | -          | -         |
| 3        | 0 / 16 (  0%)  | -          | -         |
| 4        | 4 / 16 ( 25%)  | 3.3V       | -         |
| 5        | 17 / 20 ( 85%) | 3.3V       | -         |
+----------+----------------+------------+-----------+

Total placer CPU time: 1 secs 

Dumping design to file fpga_uart_impl1.dir/5_1.ncd.


-----------------------------------------------------------------
INFO - par: ASE feature is off due to non timing-driven settings.  
-----------------------------------------------------------------

0 connections routed; 96 unrouted.
Starting router resource preassignment

WARNING - par: The following clock signals will be routed by using generic routing resource and may suffer from excessive delay and/or skew.
   Signal=sysclk_c loads=4 clock_loads=4

Completed router resource preassignment. Real time: 12 secs 

Start NBR router at Thu Apr 09 11:51:34 -04 2026

*****************************************************************
Info: NBR allows conflicts(one node used by more than one signal)
      in the earlier iterations. In each iteration, it tries to  
      solve the conflicts while keeping the critical connections 
      routed as short as possible. The routing process is said to
      be completed when no conflicts exist and all connections   
      are routed.                                                
Note: NBR uses a different method to calculate timing slacks. The
      worst slack and total negative slack may not be the same as
      that in TRCE report. You should always run TRCE to verify  
      your design.                                               
*****************************************************************

Start NBR special constraint process at Thu Apr 09 11:51:34 -04 2026

Start NBR section for initial routing at Thu Apr 09 11:51:34 -04 2026
Level 4, iteration 1
6(0.00%) conflicts; 0(0.00%) untouched conn; 0 (nbr) score; real time: 12 secs 

Info: Initial congestion level at 75% usage is 0
Info: Initial congestion area  at 75% usage is 0 (0.00%)

Start NBR section for normal routing at Thu Apr 09 11:51:34 -04 2026
Level 4, iteration 1
3(0.00%) conflicts; 0(0.00%) untouched conn; 0 (nbr) score; real time: 12 secs 
Level 4, iteration 2
2(0.00%) conflicts; 0(0.00%) untouched conn; 0 (nbr) score; real time: 12 secs 
Level 4, iteration 3
0(0.00%) conflict; 0(0.00%) untouched conn; 0 (nbr) score; real time: 12 secs 

Start NBR section for re-routing at Thu Apr 09 11:51:34 -04 2026
Level 4, iteration 1
0(0.00%) conflict; 0(0.00%) untouched conn; 0 (nbr) score; real time: 12 secs 

Start NBR section for post-routing at Thu Apr 09 11:51:34 -04 2026

End NBR router with 0 unrouted connection

NBR Summary
-----------
  Number of unrouted connections : 0 (0.00%)
  Number of connections with timing violations : 0 (0.00%)
  Estimated worst slack<setup> : <n/a>
  Timing score<setup> : 0
-----------
Notes: The timing info is calculated for SETUP only and all PAR_ADJs are ignored.



WARNING - par: The following clock signals will be routed by using generic routing resource and may suffer from excessive delay and/or skew.
   Signal=sysclk_c loads=4 clock_loads=4

Total CPU time 2 secs 
Total REAL time: 12 secs 
Completely routed.
End of route.  96 routed (100.00%); 0 unrouted.

Hold time timing score: 0, hold timing errors: 0

Timing score: 0 

Dumping design to file fpga_uart_impl1.dir/5_1.ncd.


PAR_SUMMARY::Run status = Completed
PAR_SUMMARY::Number of unrouted conns = 0
PAR_SUMMARY::Worst  slack<setup/<ns>> = <n/a>
PAR_SUMMARY::Timing score<setup/<ns>> = <n/a>
PAR_SUMMARY::Worst  slack<hold /<ns>> = <n/a>
PAR_SUMMARY::Timing score<hold /<ns>> = <n/a>
PAR_SUMMARY::Number of errors = 0

Total CPU  time to completion: 2 secs 
Total REAL time to completion: 12 secs 

par done!

Note: user must run 'Trace' for timing closure signoff.

Copyright (c) 1991-1994 by NeoCAD Inc. All rights reserved.
Copyright (c) 1995 AT&T Corp.   All rights reserved.
Copyright (c) 1995-2001 Lucent Technologies Inc.  All rights reserved.
Copyright (c) 2001 Agere Systems   All rights reserved.
Copyright (c) 2002-2024 Lattice Semiconductor Corporation,  All rights reserved.
Exiting par with exit code 0
Exiting mpartrce with exit code 0

trce -f "fpga_uart_impl1.pt" -o "fpga_uart_impl1_pwc.twr" "fpga_uart_impl1.ncd" "fpga_uart_impl1.prf"
trce:  version Diamond (64-bit) 3.14.0.75.2

Copyright (c) 1991-1994 by NeoCAD Inc. All rights reserved.
Copyright (c) 1995 AT&T Corp.   All rights reserved.
Copyright (c) 1995-2001 Lucent Technologies Inc.  All rights reserved.
Copyright (c) 2001 Agere Systems   All rights reserved.
Copyright (c) 2002-2024 Lattice Semiconductor Corporation,  All rights reserved.

Loading design for application trce from file fpga_uart_impl1.ncd.
Design name: fpga_uart_top
NCD version: 3.3
Vendor:      LATTICE
Device:      LCMXO3D-9400HC
Package:     CABGA256
Performance: 5
Loading device for application trce from file 'se5c9400.nph' in environment: /home/pnieves/lscc/diamond/3.14/ispfpga.
Package Status:                     Final          Version 7.
Performance Hardware Data Status:   Final          Version 2.2.
Setup and Hold Report

--------------------------------------------------------------------------------
Lattice TRACE Report - Setup, Version Diamond (64-bit) 3.14.0.75.2
Thu Apr  9 11:51:46 2026

Copyright (c) 1991-1994 by NeoCAD Inc. All rights reserved.
Copyright (c) 1995 AT&T Corp.   All rights reserved.
Copyright (c) 1995-2001 Lucent Technologies Inc.  All rights reserved.
Copyright (c) 2001 Agere Systems   All rights reserved.
Copyright (c) 2002-2024 Lattice Semiconductor Corporation,  All rights reserved.

Report Information
------------------
Command line:    trce -v 10 -gt -sethld -sp 5 -sphld m -o fpga_uart_impl1_pwc.twr fpga_uart_impl1.ncd fpga_uart_impl1.prf 
Design file:     fpga_uart_impl1.ncd
Preference file: fpga_uart_impl1.prf
Device,speed:    LCMXO3D-9400HC,5
Report level:    verbose report, limited to 10 items per preference
--------------------------------------------------------------------------------

Report Type:     based on TRACE automatically generated preferences
BLOCK ASYNCPATHS
BLOCK RESETPATHS
--------------------------------------------------------------------------------



Timing summary (Setup):
---------------

Timing errors: 18  Score: 13988
Cumulative negative slack: 13988

Constraints cover 36 paths, 1 nets, and 25 connections (26.04% coverage)

--------------------------------------------------------------------------------
Lattice TRACE Report - Hold, Version Diamond (64-bit) 3.14.0.75.2
Thu Apr  9 11:51:47 2026

Copyright (c) 1991-1994 by NeoCAD Inc. All rights reserved.
Copyright (c) 1995 AT&T Corp.   All rights reserved.
Copyright (c) 1995-2001 Lucent Technologies Inc.  All rights reserved.
Copyright (c) 2001 Agere Systems   All rights reserved.
Copyright (c) 2002-2024 Lattice Semiconductor Corporation,  All rights reserved.

Report Information
------------------
Command line:    trce -v 10 -gt -sethld -sp 5 -sphld m -o fpga_uart_impl1_pwc.twr fpga_uart_impl1.ncd fpga_uart_impl1.prf 
Design file:     fpga_uart_impl1.ncd
Preference file: fpga_uart_impl1.prf
Device,speed:    LCMXO3D-9400HC,m
Report level:    verbose report, limited to 10 items per preference
--------------------------------------------------------------------------------

BLOCK ASYNCPATHS
BLOCK RESETPATHS
--------------------------------------------------------------------------------



Timing summary (Hold):
---------------

Timing errors: 0  Score: 0
Cumulative negative slack: 0

Constraints cover 36 paths, 1 nets, and 25 connections (26.04% coverage)



Timing summary (Setup and Hold):
---------------

Timing errors: 18 (setup), 0 (hold)
Score: 13988 (setup), 0 (hold)
Cumulative negative slack: 13988 (13988+0)
--------------------------------------------------------------------------------

--------------------------------------------------------------------------------

Total CPU Time: 0 secs 
Total REAL Time: 10 secs 
Peak Memory Usage: 171 MB


thermalanalysis -ncd "fpga_uart_impl1.ncd" -twr "fpga_uart_impl1_pwc.twr" -o "fpga_uart_impl1.pwrp" -freq 0 
Warning: Please specify '-gui' option.
ERROR: Clock frequency cannot be 0. Please set Default Clock Frequency in thermal analysis of Strategy.
